[2025-05-16 18:12:40] Функция multiply_foo вызвана с args=(3, 4), kwargs={}. Результат: 12
[2025-05-16 18:26:15] Функция multiply_foo вызвана с args=(3, 4), kwargs={}. Результат: 12
[2025-05-16 18:32:09] Функция multiply_foo вызвана с args=(3, 4), kwargs={}. Результат: 12
[2025-05-16 18:32:09] Функция divide_foo вызвана с args=(4, 2), kwargs={}. Результат: 2.0
[2025-05-16 18:32:09] Функция divide_foo вызвана с args=(1, 0), kwargs={}. Результат: None
[2025-05-16 18:33:28] Функция multiply_foo вызвана с args=(3, 4), kwargs={}. Результат: 12
[2025-05-16 18:33:28] Функция divide_foo вызвана с args=(4, 2), kwargs={}. Результат: 2.0
[2025-05-16 18:33:28] Функция divide_foo вызвана с args=(1, 0), kwargs={}. Результат: Деление на ноль!
[2025-05-16 18:33:28] Функция divide_foo вызвана с args=('1', 2), kwargs={}. Результат: Ошибка типов! Неверный ввод аргументов!
[2025-05-16 18:37:15] Функция multiply_foo вызвана с args=(3, 4), kwargs={}. Результат: 12
[2025-05-16 18:37:15] Функция divide_foo вызвана с args=(4, 2), kwargs={}. Результат: 2.0
[2025-05-16 18:37:15] Функция divide_foo вызвана с args=(1, 0), kwargs={}. Результат: Деление на ноль!
[2025-05-16 18:37:15] Функция divide_foo вызвана с args=('1', 2), kwargs={}. Результат: Ошибка типов! Неверный ввод аргументов!
[2025-05-16 18:37:15] Функция divide_foo вызвана с args=('1', 1), kwargs={}. Результат: Ошибка типов! Неверный ввод аргументов!
[2025-05-16 18:37:29] Функция multiply_foo вызвана с args=(3, 4), kwargs={}. Результат: 12
[2025-05-16 18:37:29] Функция divide_foo вызвана с args=(4, 2), kwargs={}. Результат: 2.0
[2025-05-16 18:37:29] Функция divide_foo вызвана с args=(1, 0), kwargs={}. Результат: Деление на ноль!
[2025-05-16 18:37:29] Функция divide_foo вызвана с args=('1', 2), kwargs={}. Результат: Ошибка типов! Неверный ввод аргументов!
[2025-05-16 18:37:29] Функция divide_foo вызвана с args=('1', 1), kwargs={}. Результат: Ошибка типов! Неверный ввод аргументов!
[2025-05-16 18:38:57] Функция multiply_foo вызвана с args=(3, 4), kwargs={}. Результат: 12
[2025-05-16 18:38:57] Функция divide_foo вызвана с args=(4, 2), kwargs={}. Результат: 2.0
[2025-05-16 18:38:57] Функция divide_foo вызвана с args=(1, 0), kwargs={}. Результат: Деление на ноль!
[2025-05-16 18:38:57] Функция divide_foo вызвана с args=('1', 2), kwargs={}. Результат: Ошибка типов! Неверный ввод аргументов!
[2025-05-16 18:38:57] Функция divide_foo вызвана с args=('1', 1), kwargs={}. Результат: Ошибка типов! Неверный ввод аргументов!
[2025-05-16 18:45:13] Функция multiply_foo вызвана с args=(3, 4), kwargs={}. Результат: 12
[2025-05-16 18:45:13] Функция divide_foo вызвана с args=(1, 1), kwargs={}. Результат: 1.0
[2025-05-16 18:45:13] Функция divide_foo вызвана с args=(1, 0), kwargs={}. Результат: Деление на ноль!
[2025-05-16 18:45:13] Функция divide_foo вызвана с args=('1', 1), kwargs={}. Результат: Ошибка типов! Неверный ввод аргументов!
[2025-05-16 18:45:13] Функция divide_foo вызвана с args=(4, 2), kwargs={}. Результат: 2.0
[2025-05-16 18:45:13] Функция divide_foo вызвана с args=(1, 0), kwargs={}. Результат: Деление на ноль!
[2025-05-16 18:45:13] Функция divide_foo вызвана с args=('1', 2), kwargs={}. Результат: Ошибка типов! Неверный ввод аргументов!
[2025-05-16 18:45:13] Функция divide_foo вызвана с args=('1', 1), kwargs={}. Результат: Ошибка типов! Неверный ввод аргументов!
[2025-05-16 18:45:43] Функция multiply_foo вызвана с args=(3, 4), kwargs={}. Результат: 12
[2025-05-16 18:45:43] Функция divide_foo вызвана с args=(1, 1), kwargs={}. Результат: 1.0
[2025-05-16 18:45:43] Функция divide_foo вызвана с args=(1, 0), kwargs={}. Результат: Деление на ноль!
[2025-05-16 18:45:43] Функция divide_foo вызвана с args=('1', 1), kwargs={}. Результат: Ошибка типов! Неверный ввод аргументов!
[2025-05-16 18:45:43] Функция divide_foo вызвана с args=(4, 2), kwargs={}. Результат: 2.0
[2025-05-16 18:45:43] Функция divide_foo вызвана с args=(1, 0), kwargs={}. Результат: Деление на ноль!
[2025-05-16 18:45:43] Функция divide_foo вызвана с args=('1', 2), kwargs={}. Результат: Ошибка типов! Неверный ввод аргументов!
[2025-05-16 18:56:38] Функция multiply_foo вызвана с args=(3, 4), kwargs={}. Результат: 12
[2025-05-16 18:56:38] Функция divide_foo вызвана с args=(1, 1), kwargs={}. Результат: 1.0
[2025-05-16 18:56:38] Функция divide_foo вызвана с args=(1, 0), kwargs={}. Результат: Ошибка division by zero
[2025-05-16 18:56:38] Функция divide_foo вызвана с args=('1', 1), kwargs={}. Результат: Ошибка unsupported operand type(s) for /: 'str' and 'int'
[2025-05-16 18:58:44] Function multiply_foo has been called with args=(3, 4), kwargs={}. Result: 12
[2025-05-16 18:58:44] Function divide_foo has been called with args=(1, 1), kwargs={}. Result: 1.0
[2025-05-16 18:58:44] Function divide_foo has been called with args=(1, 0), kwargs={}. Result: Error division by zero
[2025-05-16 18:58:44] Function divide_foo has been called with args=('1', 1), kwargs={}. Result: Error unsupported operand type(s) for /: 'str' and 'int'
[2025-05-16 19:14:58] Function multiply_foo has been called with args=(3, 4), kwargs={}. Result: 12
[2025-05-16 19:14:58] Function divide_foo has been called with args=(1, 1), kwargs={}. Result: 1.0
[2025-05-16 19:14:58] Function divide_foo has been called with args=(1, 0), kwargs={}. Result: Error division by zero
[2025-05-16 19:14:58] Function divide_foo has been called with args=('1', 1), kwargs={}. Result: Error unsupported operand type(s) for /: 'str' and 'int'
[2025-05-16 19:21:27] Function multiply_foo has been called with args=(3, 4), kwargs={}. Result: 12
[2025-05-16 19:21:27] Function divide_foo has been called with args=(1, 1), kwargs={}. Result: 1.0
[2025-05-16 19:21:27] Function divide_foo has been called with args=(1, 0), kwargs={}. Result: Error division by zero
[2025-05-16 19:21:27] Function divide_foo has been called with args=('1', 1), kwargs={}. Result: Error unsupported operand type(s) for /: 'str' and 'int'
[2025-05-16 19:23:12] Function multiply_foo has been called with args=(3, 4), kwargs={}. Result: 12
[2025-05-16 19:23:12] Function divide_foo has been called with args=(1, 1), kwargs={}. Result: 1.0
[2025-05-16 19:23:12] Function divide_foo has been called with args=(1, 0), kwargs={}. Result: Error division by zero
[2025-05-16 19:23:12] Function divide_foo has been called with args=('1', 1), kwargs={}. Result: Error unsupported operand type(s) for /: 'str' and 'int'
[2025-05-16 19:25:04] Function multiply_foo has been called with args=(3, 4), kwargs={}. Result: 12
[2025-05-16 19:25:04] Function divide_foo has been called with args=(1, 1), kwargs={}. Result: 1.0
[2025-05-16 19:25:04] Function divide_foo has been called with args=(1, 0), kwargs={}. Result: Error division by zero
[2025-05-16 19:25:04] Function divide_foo has been called with args=('1', 1), kwargs={}. Result: Error unsupported operand type(s) for /: 'str' and 'int'
[2025-05-16 19:26:43] Function multiply_foo has been called with args=(3, 4), kwargs={}. Result: 12
[2025-05-16 19:26:43] Function divide_foo has been called with args=(1, 1), kwargs={}. Result: 1.0
[2025-05-16 19:26:43] Function divide_foo has been called with args=(1, 0), kwargs={}. Result: Error division by zero
[2025-05-16 19:26:43] Function divide_foo has been called with args=('1', 1), kwargs={}. Result: Error unsupported operand type(s) for /: 'str' and 'int'
[2025-05-16 19:30:04] Function multiply_foo has been called with args=(3, 4), kwargs={}. Result: 12
[2025-05-16 19:30:04] Function divide_foo has been called with args=(1, 1), kwargs={}. Result: 1.0
[2025-05-16 19:30:04] Function divide_foo has been called with args=(1, 0), kwargs={}. Result: Error division by zero
[2025-05-16 19:30:04] Function divide_foo has been called with args=('1', 1), kwargs={}. Result: Error unsupported operand type(s) for /: 'str' and 'int'
[2025-05-16 19:30:50] Function multiply_foo has been called with args=(3, 4), kwargs={}. Result: 12
[2025-05-16 19:30:50] Function divide_foo has been called with args=(1, 1), kwargs={}. Result: 1.0
[2025-05-16 19:30:50] Function divide_foo has been called with args=(1, 0), kwargs={}. Result: Error division by zero
[2025-05-16 19:30:50] Function divide_foo has been called with args=('1', 1), kwargs={}. Result: Error unsupported operand type(s) for /: 'str' and 'int'
[2025-05-16 19:31:29] Function multiply_foo has been called with args=(3, 4), kwargs={}. Result: 12
[2025-05-16 19:31:29] Function divide_foo has been called with args=(1, 1), kwargs={}. Result: 1.0
[2025-05-16 19:31:29] Function divide_foo has been called with args=(1, 0), kwargs={}. Result: Error division by zero
[2025-05-16 19:31:29] Function divide_foo has been called with args=('1', 1), kwargs={}. Result: Error unsupported operand type(s) for /: 'str' and 'int'
[2025-05-16 19:31:58] Function multiply_foo has been called with args=(3, 4), kwargs={}. Result: 12
[2025-05-16 19:31:58] Function divide_foo has been called with args=(1, 1), kwargs={}. Result: 1.0
[2025-05-16 19:31:58] Function divide_foo has been called with args=(1, 0), kwargs={}. Result: Error division by zero
[2025-05-16 19:31:58] Function divide_foo has been called with args=('1', 1), kwargs={}. Result: Error unsupported operand type(s) for /: 'str' and 'int'
[2025-05-16 19:33:03] Function multiply_foo has been called with args=(3, 4), kwargs={}. Result: 12
[2025-05-16 19:33:03] Function divide_foo has been called with args=(1, 1), kwargs={}. Result: 1.0
[2025-05-16 19:33:03] Function divide_foo has been called with args=(1, 0), kwargs={}. Result: Error division by zero
[2025-05-16 19:33:03] Function divide_foo has been called with args=('1', 1), kwargs={}. Result: Error unsupported operand type(s) for /: 'str' and 'int'
[2025-05-16 19:33:34] Function multiply_foo has been called with args=(3, 4), kwargs={}. Result: 12
[2025-05-16 19:33:34] Function divide_foo has been called with args=(1, 1), kwargs={}. Result: 1.0
[2025-05-16 19:33:34] Function divide_foo has been called with args=(1, 0), kwargs={}. Result: Error division by zero
[2025-05-16 19:33:34] Function divide_foo has been called with args=('1', 1), kwargs={}. Result: Error unsupported operand type(s) for /: 'str' and 'int'
[2025-05-16 19:34:27] Function multiply_foo has been called with args=(3, 4), kwargs={}. Result: 12
[2025-05-16 19:34:27] Function divide_foo has been called with args=(1, 1), kwargs={}. Result: 1.0
[2025-05-16 19:34:27] Function divide_foo has been called with args=(1, 0), kwargs={}. Result: Error division by zero
[2025-05-16 19:34:27] Function divide_foo has been called with args=('1', 1), kwargs={}. Result: Error unsupported operand type(s) for /: 'str' and 'int'
[2025-05-16 19:36:53] Function multiply_foo has been called with args=(3, 4), kwargs={}. Result: 12
[2025-05-16 19:36:53] Function divide_foo has been called with args=(1, 1), kwargs={}. Result: 1.0
[2025-05-16 19:36:53] Function divide_foo has been called with args=(1, 0), kwargs={}. Result: Error division by zero
[2025-05-16 19:36:53] Function divide_foo has been called with args=('1', 1), kwargs={}. Result: Error unsupported operand type(s) for /: 'str' and 'int'
[2025-05-16 19:36:56] Function multiply_foo has been called with args=(3, 4), kwargs={}. Result: 12
[2025-05-16 19:36:56] Function divide_foo has been called with args=(1, 1), kwargs={}. Result: 1.0
[2025-05-16 19:36:56] Function divide_foo has been called with args=(1, 0), kwargs={}. Result: Error division by zero
[2025-05-16 19:36:56] Function divide_foo has been called with args=('1', 1), kwargs={}. Result: Error unsupported operand type(s) for /: 'str' and 'int'
[2025-05-26 15:22:24] Function divide_foo has been called with args=(1, 1), kwargs={}. Result: 1.0
[2025-05-26 15:22:24] Function divide_foo has been called with args=(1, 0), kwargs={}. Result: Error division by zero
[2025-05-26 15:22:24] Function divide_foo has been called with args=('1', 1), kwargs={}. Result: Error unsupported operand type(s) for /: 'str' and 'int'
[2025-05-26 15:25:45] Function divide_foo has been called with args=(1, 1), kwargs={}. Result: 1.0
[2025-05-26 15:25:45] Function divide_foo has been called with args=(1, 0), kwargs={}. Result: Error division by zero
[2025-05-26 15:25:45] Function divide_foo has been called with args=('1', 1), kwargs={}. Result: Error unsupported operand type(s) for /: 'str' and 'int'
[2025-05-26 15:31:57] Function divide_foo has been called with args=(1, 1), kwargs={}. Result: 1.0
[2025-05-26 15:31:57] Function divide_foo has been called with args=(1, 0), kwargs={}. Result: Error division by zero
[2025-05-26 15:31:57] Function divide_foo has been called with args=('1', 1), kwargs={}. Result: Error unsupported operand type(s) for /: 'str' and 'int'
[2025-05-26 15:32:28] Function divide_foo has been called with args=(1, 1), kwargs={}. Result: 1.0
[2025-05-26 15:32:28] Function divide_foo has been called with args=(1, 0), kwargs={}. Result: Error division by zero
[2025-05-26 15:32:28] Function divide_foo has been called with args=('1', 1), kwargs={}. Result: Error unsupported operand type(s) for /: 'str' and 'int'
[2025-05-26 16:26:10] Function divide_foo has been called with args=(1, 1), kwargs={}. Result: 1.0
[2025-05-26 16:26:10] Function divide_foo has been called with args=(1, 0), kwargs={}. Result: Error division by zero
[2025-05-26 16:26:10] Function divide_foo has been called with args=('1', 1), kwargs={}. Result: Error unsupported operand type(s) for /: 'str' and 'int'
[2025-05-26 16:26:33] Function divide_foo has been called with args=(1, 1), kwargs={}. Result: 1.0
[2025-05-26 16:26:33] Function divide_foo has been called with args=(1, 0), kwargs={}. Result: Error division by zero
[2025-05-26 16:26:33] Function divide_foo has been called with args=('1', 1), kwargs={}. Result: Error unsupported operand type(s) for /: 'str' and 'int'
[2025-05-26 16:28:53] Function divide_foo has been called with args=(1, 1), kwargs={}. Result: 1.0
[2025-05-26 16:28:53] Function divide_foo has been called with args=(1, 0), kwargs={}. Result: Error division by zero
[2025-05-26 16:28:53] Function divide_foo has been called with args=('1', 1), kwargs={}. Result: Error unsupported operand type(s) for /: 'str' and 'int'
[2025-05-26 18:19:13] Function divide_foo has been called with args=(1, 1), kwargs={}. Result: 1.0
[2025-05-26 18:19:13] Function divide_foo has been called with args=(1, 0), kwargs={}. Result: Error division by zero
[2025-05-26 18:19:13] Function divide_foo has been called with args=('1', 1), kwargs={}. Result: Error unsupported operand type(s) for /: 'str' and 'int'
[2025-05-26 18:34:52] Function divide_foo has been called with args=(1, 1), kwargs={}. Result: 1.0
[2025-05-26 18:34:52] Function divide_foo has been called with args=(1, 0), kwargs={}. Result: Error division by zero
[2025-05-26 18:34:52] Function divide_foo has been called with args=('1', 1), kwargs={}. Result: Error unsupported operand type(s) for /: 'str' and 'int'
[2025-05-26 18:36:14] Function divide_foo has been called with args=(1, 1), kwargs={}. Result: 1.0
[2025-05-26 18:36:14] Function divide_foo has been called with args=(1, 0), kwargs={}. Result: Error division by zero
[2025-05-26 18:36:14] Function divide_foo has been called with args=('1', 1), kwargs={}. Result: Error unsupported operand type(s) for /: 'str' and 'int'
[2025-05-26 18:37:06] Function divide_foo has been called with args=(1, 1), kwargs={}. Result: 1.0
[2025-05-26 18:37:06] Function divide_foo has been called with args=(1, 0), kwargs={}. Result: Error division by zero
[2025-05-26 18:37:06] Function divide_foo has been called with args=('1', 1), kwargs={}. Result: Error unsupported operand type(s) for /: 'str' and 'int'
[2025-05-26 18:37:20] Function divide_foo has been called with args=(1, 1), kwargs={}. Result: 1.0
[2025-05-26 18:37:20] Function divide_foo has been called with args=(1, 0), kwargs={}. Result: Error division by zero
[2025-05-26 18:37:20] Function divide_foo has been called with args=('1', 1), kwargs={}. Result: Error unsupported operand type(s) for /: 'str' and 'int'
[2025-05-26 18:56:17] Function divide_foo has been called with args=(1, 1), kwargs={}. Result: 1.0
[2025-05-26 18:56:17] Function divide_foo has been called with args=(1, 0), kwargs={}. Result: Error division by zero
[2025-05-26 18:56:17] Function divide_foo has been called with args=('1', 1), kwargs={}. Result: Error unsupported operand type(s) for /: 'str' and 'int'
[2025-05-30 22:31:52] Function divide_foo has been called with args=(1, 1), kwargs={}. Result: 1.0
[2025-05-30 22:31:52] Function divide_foo has been called with args=(1, 0), kwargs={}. Result: Error division by zero
[2025-05-30 22:31:52] Function divide_foo has been called with args=('1', 1), kwargs={}. Result: Error unsupported operand type(s) for /: 'str' and 'int'
[2025-05-30 22:38:53] Function divide_foo has been called with args=(1, 1), kwargs={}. Result: 1.0
[2025-05-30 22:38:53] Function divide_foo has been called with args=(1, 0), kwargs={}. Result: Error division by zero
[2025-05-30 22:38:53] Function divide_foo has been called with args=('1', 1), kwargs={}. Result: Error unsupported operand type(s) for /: 'str' and 'int'
[2025-05-30 22:39:23] Function divide_foo has been called with args=(1, 1), kwargs={}. Result: 1.0
[2025-05-30 22:39:23] Function divide_foo has been called with args=(1, 0), kwargs={}. Result: Error division by zero
[2025-05-30 22:39:23] Function divide_foo has been called with args=('1', 1), kwargs={}. Result: Error unsupported operand type(s) for /: 'str' and 'int'
[2025-05-30 22:40:56] Function divide_foo has been called with args=(1, 1), kwargs={}. Result: 1.0
[2025-05-30 22:40:56] Function divide_foo has been called with args=(1, 0), kwargs={}. Result: Error division by zero
[2025-05-30 22:40:56] Function divide_foo has been called with args=('1', 1), kwargs={}. Result: Error unsupported operand type(s) for /: 'str' and 'int'
[2025-05-30 22:41:15] Function divide_foo has been called with args=(1, 1), kwargs={}. Result: 1.0
[2025-05-30 22:41:15] Function divide_foo has been called with args=(1, 0), kwargs={}. Result: Error division by zero
[2025-05-30 22:41:15] Function divide_foo has been called with args=('1', 1), kwargs={}. Result: Error unsupported operand type(s) for /: 'str' and 'int'
[2025-05-30 22:42:20] Function divide_foo has been called with args=(1, 1), kwargs={}. Result: 1.0
[2025-05-30 22:42:20] Function divide_foo has been called with args=(1, 0), kwargs={}. Result: Error division by zero
[2025-05-30 22:42:20] Function divide_foo has been called with args=('1', 1), kwargs={}. Result: Error unsupported operand type(s) for /: 'str' and 'int'
[2025-05-30 22:46:14] Function divide_foo has been called with args=(1, 1), kwargs={}. Result: 1.0
[2025-05-30 22:46:14] Function divide_foo has been called with args=(1, 0), kwargs={}. Result: Error division by zero
[2025-05-30 22:46:14] Function divide_foo has been called with args=('1', 1), kwargs={}. Result: Error unsupported operand type(s) for /: 'str' and 'int'
[2025-05-30 22:47:15] Function divide_foo has been called with args=(1, 1), kwargs={}. Result: 1.0
[2025-05-30 22:47:15] Function divide_foo has been called with args=(1, 0), kwargs={}. Result: Error division by zero
[2025-05-30 22:47:15] Function divide_foo has been called with args=('1', 1), kwargs={}. Result: Error unsupported operand type(s) for /: 'str' and 'int'
[2025-05-30 22:49:37] Function divide_foo has been called with args=(1, 1), kwargs={}. Result: 1.0
[2025-05-30 22:49:37] Function divide_foo has been called with args=(1, 0), kwargs={}. Result: Error division by zero
[2025-05-30 22:49:37] Function divide_foo has been called with args=('1', 1), kwargs={}. Result: Error unsupported operand type(s) for /: 'str' and 'int'
[2025-05-30 22:56:30] Function divide_foo has been called with args=(1, 1), kwargs={}. Result: 1.0
[2025-05-30 22:56:30] Function divide_foo has been called with args=(1, 0), kwargs={}. Result: Error division by zero
[2025-05-30 22:56:30] Function divide_foo has been called with args=('1', 1), kwargs={}. Result: Error unsupported operand type(s) for /: 'str' and 'int'
[2025-05-30 22:56:52] Function divide_foo has been called with args=(1, 1), kwargs={}. Result: 1.0
[2025-05-30 22:56:52] Function divide_foo has been called with args=(1, 0), kwargs={}. Result: Error division by zero
[2025-05-30 22:56:52] Function divide_foo has been called with args=('1', 1), kwargs={}. Result: Error unsupported operand type(s) for /: 'str' and 'int'
[2025-05-30 22:59:56] Function divide_foo has been called with args=(1, 1), kwargs={}. Result: 1.0
[2025-05-30 22:59:56] Function divide_foo has been called with args=(1, 0), kwargs={}. Result: Error division by zero
[2025-05-30 22:59:56] Function divide_foo has been called with args=('1', 1), kwargs={}. Result: Error unsupported operand type(s) for /: 'str' and 'int'
[2025-05-30 23:04:08] Function divide_foo has been called with args=(1, 1), kwargs={}. Result: 1.0
[2025-05-30 23:04:08] Function divide_foo has been called with args=(1, 0), kwargs={}. Result: Error division by zero
[2025-05-30 23:04:08] Function divide_foo has been called with args=('1', 1), kwargs={}. Result: Error unsupported operand type(s) for /: 'str' and 'int'
[2025-05-30 23:04:26] Function divide_foo has been called with args=(1, 1), kwargs={}. Result: 1.0
[2025-05-30 23:04:26] Function divide_foo has been called with args=(1, 0), kwargs={}. Result: Error division by zero
[2025-05-30 23:04:26] Function divide_foo has been called with args=('1', 1), kwargs={}. Result: Error unsupported operand type(s) for /: 'str' and 'int'
[2025-05-30 23:04:55] Function divide_foo has been called with args=(1, 1), kwargs={}. Result: 1.0
[2025-05-30 23:04:55] Function divide_foo has been called with args=(1, 0), kwargs={}. Result: Error division by zero
[2025-05-30 23:04:55] Function divide_foo has been called with args=('1', 1), kwargs={}. Result: Error unsupported operand type(s) for /: 'str' and 'int'
[2025-05-30 23:06:33] Function divide_foo has been called with args=(1, 1), kwargs={}. Result: 1.0
[2025-05-30 23:06:33] Function divide_foo has been called with args=(1, 0), kwargs={}. Result: Error division by zero
[2025-05-30 23:06:33] Function divide_foo has been called with args=('1', 1), kwargs={}. Result: Error unsupported operand type(s) for /: 'str' and 'int'
[2025-05-30 23:12:10] Function divide_foo has been called with args=(1, 1), kwargs={}. Result: 1.0
[2025-05-30 23:12:10] Function divide_foo has been called with args=(1, 0), kwargs={}. Result: Error division by zero
[2025-05-30 23:12:10] Function divide_foo has been called with args=('1', 1), kwargs={}. Result: Error unsupported operand type(s) for /: 'str' and 'int'
[2025-05-30 23:12:36] Function divide_foo has been called with args=(1, 1), kwargs={}. Result: 1.0
[2025-05-30 23:12:36] Function divide_foo has been called with args=(1, 0), kwargs={}. Result: Error division by zero
[2025-05-30 23:12:36] Function divide_foo has been called with args=('1', 1), kwargs={}. Result: Error unsupported operand type(s) for /: 'str' and 'int'
[2025-05-30 23:14:25] Function divide_foo has been called with args=(1, 1), kwargs={}. Result: 1.0
[2025-05-30 23:14:25] Function divide_foo has been called with args=(1, 0), kwargs={}. Result: Error division by zero
[2025-05-30 23:14:25] Function divide_foo has been called with args=('1', 1), kwargs={}. Result: Error unsupported operand type(s) for /: 'str' and 'int'
[2025-05-30 23:14:48] Function divide_foo has been called with args=(1, 1), kwargs={}. Result: 1.0
[2025-05-30 23:14:48] Function divide_foo has been called with args=(1, 0), kwargs={}. Result: Error division by zero
[2025-05-30 23:14:48] Function divide_foo has been called with args=('1', 1), kwargs={}. Result: Error unsupported operand type(s) for /: 'str' and 'int'
[2025-05-30 23:17:02] Function divide_foo has been called with args=(1, 1), kwargs={}. Result: 1.0
[2025-05-30 23:17:02] Function divide_foo has been called with args=(1, 0), kwargs={}. Result: Error division by zero
[2025-05-30 23:17:02] Function divide_foo has been called with args=('1', 1), kwargs={}. Result: Error unsupported operand type(s) for /: 'str' and 'int'
[2025-05-30 23:17:47] Function divide_foo has been called with args=(1, 1), kwargs={}. Result: 1.0
[2025-05-30 23:17:47] Function divide_foo has been called with args=(1, 0), kwargs={}. Result: Error division by zero
[2025-05-30 23:17:47] Function divide_foo has been called with args=('1', 1), kwargs={}. Result: Error unsupported operand type(s) for /: 'str' and 'int'
[2025-05-30 23:18:21] Function divide_foo has been called with args=(1, 1), kwargs={}. Result: 1.0
[2025-05-30 23:18:21] Function divide_foo has been called with args=(1, 0), kwargs={}. Result: Error division by zero
[2025-05-30 23:18:21] Function divide_foo has been called with args=('1', 1), kwargs={}. Result: Error unsupported operand type(s) for /: 'str' and 'int'
[2025-05-30 23:18:53] Function divide_foo has been called with args=(1, 1), kwargs={}. Result: 1.0
[2025-05-30 23:18:53] Function divide_foo has been called with args=(1, 0), kwargs={}. Result: Error division by zero
[2025-05-30 23:18:53] Function divide_foo has been called with args=('1', 1), kwargs={}. Result: Error unsupported operand type(s) for /: 'str' and 'int'
[2025-05-30 23:19:11] Function divide_foo has been called with args=(1, 1), kwargs={}. Result: 1.0
[2025-05-30 23:19:11] Function divide_foo has been called with args=(1, 0), kwargs={}. Result: Error division by zero
[2025-05-30 23:19:11] Function divide_foo has been called with args=('1', 1), kwargs={}. Result: Error unsupported operand type(s) for /: 'str' and 'int'
[2025-05-30 23:21:47] Function divide_foo has been called with args=(1, 1), kwargs={}. Result: 1.0
[2025-05-30 23:21:47] Function divide_foo has been called with args=(1, 0), kwargs={}. Result: Error division by zero
[2025-05-30 23:21:47] Function divide_foo has been called with args=('1', 1), kwargs={}. Result: Error unsupported operand type(s) for /: 'str' and 'int'
[2025-05-30 23:22:03] Function divide_foo has been called with args=(1, 1), kwargs={}. Result: 1.0
[2025-05-30 23:22:03] Function divide_foo has been called with args=(1, 0), kwargs={}. Result: Error division by zero
[2025-05-30 23:22:03] Function divide_foo has been called with args=('1', 1), kwargs={}. Result: Error unsupported operand type(s) for /: 'str' and 'int'
[2025-05-30 23:22:39] Function divide_foo has been called with args=(1, 1), kwargs={}. Result: 1.0
[2025-05-30 23:22:39] Function divide_foo has been called with args=(1, 0), kwargs={}. Result: Error division by zero
[2025-05-30 23:22:39] Function divide_foo has been called with args=('1', 1), kwargs={}. Result: Error unsupported operand type(s) for /: 'str' and 'int'
[2025-05-30 23:22:43] Function divide_foo has been called with args=(1, 1), kwargs={}. Result: 1.0
[2025-05-30 23:22:43] Function divide_foo has been called with args=(1, 0), kwargs={}. Result: Error division by zero
[2025-05-30 23:22:43] Function divide_foo has been called with args=('1', 1), kwargs={}. Result: Error unsupported operand type(s) for /: 'str' and 'int'
[2025-05-30 23:24:01] Function divide_foo has been called with args=(1, 1), kwargs={}. Result: 1.0
[2025-05-30 23:24:01] Function divide_foo has been called with args=(1, 0), kwargs={}. Result: Error division by zero
[2025-05-30 23:24:01] Function divide_foo has been called with args=('1', 1), kwargs={}. Result: Error unsupported operand type(s) for /: 'str' and 'int'
[2025-05-30 23:25:02] Function divide_foo has been called with args=(1, 1), kwargs={}. Result: 1.0
[2025-05-30 23:25:02] Function divide_foo has been called with args=(1, 0), kwargs={}. Result: Error division by zero
[2025-05-30 23:25:02] Function divide_foo has been called with args=('1', 1), kwargs={}. Result: Error unsupported operand type(s) for /: 'str' and 'int'
[2025-05-30 23:25:56] Function divide_foo has been called with args=(1, 1), kwargs={}. Result: 1.0
[2025-05-30 23:25:56] Function divide_foo has been called with args=(1, 0), kwargs={}. Result: Error division by zero
[2025-05-30 23:25:56] Function divide_foo has been called with args=('1', 1), kwargs={}. Result: Error unsupported operand type(s) for /: 'str' and 'int'
[2025-05-30 23:27:46] Function divide_foo has been called with args=(1, 1), kwargs={}. Result: 1.0
[2025-05-30 23:27:46] Function divide_foo has been called with args=(1, 0), kwargs={}. Result: Error division by zero
[2025-05-30 23:27:46] Function divide_foo has been called with args=('1', 1), kwargs={}. Result: Error unsupported operand type(s) for /: 'str' and 'int'
[2025-05-30 23:30:21] Function divide_foo has been called with args=(1, 1), kwargs={}. Result: 1.0
[2025-05-30 23:30:21] Function divide_foo has been called with args=(1, 0), kwargs={}. Result: Error division by zero
[2025-05-30 23:30:21] Function divide_foo has been called with args=('1', 1), kwargs={}. Result: Error unsupported operand type(s) for /: 'str' and 'int'
[2025-05-30 23:30:35] Function divide_foo has been called with args=(1, 1), kwargs={}. Result: 1.0
[2025-05-30 23:30:35] Function divide_foo has been called with args=(1, 0), kwargs={}. Result: Error division by zero
[2025-05-30 23:30:35] Function divide_foo has been called with args=('1', 1), kwargs={}. Result: Error unsupported operand type(s) for /: 'str' and 'int'
[2025-05-30 23:33:04] Function divide_foo has been called with args=(1, 1), kwargs={}. Result: 1.0
[2025-05-30 23:33:04] Function divide_foo has been called with args=(1, 0), kwargs={}. Result: Error division by zero
[2025-05-30 23:33:04] Function divide_foo has been called with args=('1', 1), kwargs={}. Result: Error unsupported operand type(s) for /: 'str' and 'int'
[2025-05-30 23:33:37] Function divide_foo has been called with args=(1, 1), kwargs={}. Result: 1.0
[2025-05-30 23:33:37] Function divide_foo has been called with args=(1, 0), kwargs={}. Result: Error division by zero
[2025-05-30 23:33:37] Function divide_foo has been called with args=('1', 1), kwargs={}. Result: Error unsupported operand type(s) for /: 'str' and 'int'
[2025-05-30 23:35:55] Function divide_foo has been called with args=(1, 1), kwargs={}. Result: 1.0
[2025-05-30 23:35:55] Function divide_foo has been called with args=(1, 0), kwargs={}. Result: Error division by zero
[2025-05-30 23:35:55] Function divide_foo has been called with args=('1', 1), kwargs={}. Result: Error unsupported operand type(s) for /: 'str' and 'int'
[2025-06-03 23:09:43] Function divide_foo has been called with args=(1, 1), kwargs={}. Result: 1.0
[2025-06-03 23:09:43] Function divide_foo has been called with args=(1, 0), kwargs={}. Result: Error division by zero
[2025-06-03 23:09:43] Function divide_foo has been called with args=('1', 1), kwargs={}. Result: Error unsupported operand type(s) for /: 'str' and 'int'
