2025-06-04 15:10:58,167: masks.py: get_mask_card_number: INFO: Начало работы функции, обработка пробелов в номере
2025-06-04 15:10:58,167: masks.py: get_mask_card_number: INFO: Обработка завершена успешно
2025-06-04 15:10:58,167: masks.py: get_mask_account: INFO: Начало работы функции
2025-06-04 15:10:58,167: masks.py: get_mask_account: INFO: Обработка завершена успешно
2025-06-04 15:10:58,224: masks.py: get_mask_card_number: INFO: Начало работы функции, обработка пробелов в номере
2025-06-04 15:10:58,224: masks.py: get_mask_card_number: INFO: Обработка завершена успешно
2025-06-04 15:10:58,225: masks.py: get_mask_card_number: INFO: Начало работы функции, обработка пробелов в номере
2025-06-04 15:10:58,225: masks.py: get_mask_card_number: ERROR: Ошибка: неверный ввод номера, присутствуют нецифровые символы или неподходящая длина строки
2025-06-04 15:10:58,225: masks.py: get_mask_card_number: INFO: Начало работы функции, обработка пробелов в номере
2025-06-04 15:10:58,225: masks.py: get_mask_card_number: ERROR: Ошибка: неверный ввод номера, присутствуют нецифровые символы или неподходящая длина строки
2025-06-04 15:10:58,225: masks.py: get_mask_card_number: INFO: Начало работы функции, обработка пробелов в номере
2025-06-04 15:10:58,225: masks.py: get_mask_card_number: INFO: Обработка завершена успешно
2025-06-04 15:10:58,226: masks.py: get_mask_account: INFO: Начало работы функции
2025-06-04 15:10:58,226: masks.py: get_mask_account: INFO: Обработка завершена успешно
2025-06-04 15:10:58,226: masks.py: get_mask_account: INFO: Начало работы функции
2025-06-04 15:10:58,227: masks.py: get_mask_account: ERROR: Ошибка: неверный ввод, недостаточный размер строки или присутствуют нецифровые символы
2025-06-04 15:10:58,227: masks.py: get_mask_account: INFO: Начало работы функции
2025-06-04 15:10:58,227: masks.py: get_mask_account: ERROR: Ошибка: неверный ввод, недостаточный размер строки или присутствуют нецифровые символы
2025-06-04 15:10:58,244: masks.py: get_mask_card_number: INFO: Начало работы функции, обработка пробелов в номере
2025-06-04 15:10:58,244: masks.py: get_mask_card_number: INFO: Обработка завершена успешно
2025-06-04 15:10:58,246: masks.py: get_mask_account: INFO: Начало работы функции
2025-06-04 15:10:58,246: masks.py: get_mask_account: INFO: Обработка завершена успешно
2025-06-04 15:10:58,248: masks.py: get_mask_card_number: INFO: Начало работы функции, обработка пробелов в номере
2025-06-04 15:10:58,248: masks.py: get_mask_card_number: INFO: Обработка завершена успешно
2025-06-04 15:10:58,249: masks.py: get_mask_account: INFO: Начало работы функции
2025-06-04 15:10:58,249: masks.py: get_mask_account: INFO: Обработка завершена успешно
2025-06-04 15:10:58,251: masks.py: get_mask_card_number: INFO: Начало работы функции, обработка пробелов в номере
2025-06-04 15:10:58,251: masks.py: get_mask_card_number: INFO: Обработка завершена успешно
2025-06-04 15:10:58,252: masks.py: get_mask_card_number: INFO: Начало работы функции, обработка пробелов в номере
2025-06-04 15:10:58,252: masks.py: get_mask_card_number: INFO: Обработка завершена успешно
2025-06-04 15:10:58,254: masks.py: get_mask_card_number: INFO: Начало работы функции, обработка пробелов в номере
2025-06-04 15:10:58,254: masks.py: get_mask_card_number: INFO: Обработка завершена успешно
2025-06-04 15:10:58,256: masks.py: get_mask_account: INFO: Начало работы функции
2025-06-04 15:10:58,256: masks.py: get_mask_account: INFO: Обработка завершена успешно
